// Jest Snapshot v1, https://goo.gl/fbAQLP

exports[`renders homepage unchanged 1`] = `
<div>
  <div
    class="nextui-c-fdHeMm nextui-c-fdHeMm-dwxLNB-responsive-true nextui-c-fdHeMm-ieCKbpn-css"
  >
    <h1
      class="text-3xl font-bold"
    >
      King of Tokyo Dashboard
    </h1>
    <button
      class="nextui-c-iWjDFM nextui-c-gulvcB nextui-c-iWjDFM-hkKLfu-color-default nextui-c-iWjDFM-gkIlwi-size-md nextui-c-iWjDFM-cwXrJp-borderWeight-normal nextui-c-iWjDFM-iPJLV-css nextui-button nextui-button--ready"
      data-state="ready"
      type="button"
    >
      <span
        class="nextui-button-text"
      >
        Add Players
      </span>
    </button>
    <div
      class="flex-container"
    />
  </div>
</div>
`;
